100.43.83.155 - - [16/Jan/2012:02:00:00 -0600] "GET /pub/tuhs.org/PDP-11/Trees/2.11BSD/usr/src/usr.lib/lib2648/rdchar.c HTTP/1.1" 200 781 "-" "Googlebot/2.1 (+http://www.google.com/bot.html)"
100.43.83.155 - - [16/Jan/2012:03:00:00 -0600] "GET /pub/tuhs.org/PDP-11/Trees/2.11BSD/usr/src/usr.lib/lib2648/rdchar.c HTTP/1.1" 200 781 "-" "Googlebot/2.1 (+http://www.google.com/bot.html)"
100.43.83.155 - - [16/Jan/2012:04:00:00 -0600] "GET /pub/tuhs.org/PDP-11/Trees/2.11BSD/usr/src/usr.lib/lib2648/rdchar.c HTTP/1.1" 200 781 "-" "Googlebot/2.1 (+http://www.google.com/bot.html)"
100.43.83.155 - - [16/Jan/2012:05:00:00 -0600] "GET /pub/tuhs.org/PDP-11/Trees/2.11BSD/usr/src/usr.lib/lib2648/rdchar.c HTTP/1.1" 200 781 "-" "Googlebot/2.1 (+http://www.google.com/bot.html)"
100.43.83.155 - - [16/Jan/2012:06:00:00 -0600] "GET /pub/tuhs.org/PDP-11/Trees/2.11BSD/usr/src/usr.lib/lib2648/rdchar.c HTTP/1.1" 200 781 "-" "Googlebot/2.1 (+http://www.google.com/bot.html)"
100.43.83.155 - - [16/Jan/2012:07:00:00 -0600] "GET /pub/tuhs.org/PDP-11/Trees/2.11BSD/usr/src/usr.lib/lib2648/rdchar.c HTTP/1.1" 200 781 "-" "Googlebot/2.1 (+http://www.google.com/bot.html)"
100.43.83.155 - - [16/Jan/2012:08:00:00 -0600] "GET /pub/tuhs.org/PDP-11/Trees/2.11BSD/usr/src/usr.lib/lib2648/rdchar.c HTTP/1.1" 200 781 "-" "Googlebot/2.1 (+http://www.google.com/bot.html)"
100.43.83.155 - - [16/Jan/2012:09:00:00 -0600] "GET /pub/tuhs.org/PDP-11/Trees/2.11BSD/usr/src/usr.lib/lib2648/rdchar.c HTTP/1.1" 200 781 "-" "Googlebot/2.1 (+http://www.google.com/bot.html)"
100.43.83.155 - - [16/Jan/2012:10:00:00 -0600] "GET /pub/tuhs.org/PDP-11/Trees/2.11BSD/usr/src/usr.lib/lib2648/rdchar.c HTTP/1.1" 200 781 "-" "Googlebot/2.1 (+http://www.google.com/bot.html)"
100.43.83.155 - - [16/Jan/2012:11:00:00 -0600] "GET /pub/tuhs.org/PDP-11/Trees/2.11BSD/usr/src/usr.lib/lib2648/rdchar.c HTTP/1.1" 200 781 "-" "Googlebot/2.1 (+http://www.google.com/bot.html)"
100.43.83.155 - - [16/Jan/2012:12:00:00 -0600] "GET /pub/tuhs.org/PDP-11/Trees/2.11BSD/usr/src/usr.lib/lib2648/rdchar.c HTTP/1.1" 200 781 "-" "Googlebot/2.1 (+http://www.google.com/bot.html)"
100.43.83.155 - - [16/Jan/2012:13:00:00 -0600] "GET /pub/tuhs.org/PDP-11/Trees/2.11BSD/usr/src/usr.lib/lib2648/rdchar.c HTTP/1.1" 200 781 "-" "Googlebot/2.1 (+http://www.google.com/bot.html)"
100.43.83.155 - - [16/Jan/2012:14:00:00 -0600] "GET /pub/tuhs.org/PDP-11/Trees/2.11BSD/usr/src/usr.lib/lib2648/rdchar.c HTTP/1.1" 200 781 "-" "Googlebot/2.1 (+http://www.google.com/bot.html)"
100.43.83.155 - - [16/Jan/2012:15:00:00 -0600] "GET /pub/tuhs.org/PDP-11/Trees/2.11BSD/usr/src/usr.lib/lib2648/rdchar.c HTTP/1.1" 200 781 "-" "Googlebot/2.1 (+http://www.google.com/bot.html)"
100.43.83.155 - - [16/Jan/2012:16:00:00 -0600] "GET /pub/tuhs.org/PDP-11/Trees/2.11BSD/usr/src/usr.lib/lib2648/rdchar.c HTTP/1.1" 200 781 "-" "Googlebot/2.1 (+http://www.google.com/bot.html)"
100.43.83.155 - - [16/Jan/2012:17:00:00 -0600] "GET /pub/tuhs.org/PDP-11/Trees/2.11BSD/usr/src/usr.lib/lib2648/rdchar.c HTTP/1.1" 200 781 "-" "Googlebot/2.1 (+http://www.google.com/bot.html)"
100.43.83.155 - - [16/Jan/2012:18:00:00 -0600] "GET /pub/tuhs.org/PDP-11/Trees/2.11BSD/usr/src/usr.lib/lib2648/rdchar.c HTTP/1.1" 200 781 "-" "Googlebot/2.1 (+http://www.google.com/bot.html)"
100.43.83.155 - - [16/Jan/2012:19:00:00 -0600] "GET /pub/tuhs.org/PDP-11/Trees/2.11BSD/usr/src/usr.lib/lib2648/rdchar.c HTTP/1.1" 200 781 "-" "Googlebot/2.1 (+http://www.google.com/bot.html)"
100.43.83.155 - - [16/Jan/2012:20:00:00 -0600] "GET /pub/tuhs.org/PDP-11/Trees/2.11BSD/usr/src/usr.lib/lib2648/rdchar.c HTTP/1.1" 200 781 "-" "Googlebot/2.1 (+http://www.google.com/bot.html)"
100.43.83.155 - - [16/Jan/2012:21:00:00 -0600] "GET /pub/tuhs.org/PDP-11/Trees/2.11BSD/usr/src/usr.lib/lib2648/rdchar.c HTTP/1.1" 200 781 "-" "Googlebot/2.1 (+http://www.google.com/bot.html)"
100.43.83.155 - - [16/Jan/2012:22:00:00 -0600] "GET /pub/tuhs.org/PDP-11/Trees/2.11BSD/usr/src/usr.lib/lib2648/rdchar.c HTTP/1.1" 200 781 "-" "Googlebot/2.1 (+http://www.google.com/bot.html)"
100.43.83.155 - - [16/Jan/2012:23:00:00 -0600] "GET /pub/tuhs.org/PDP-11/Trees/2.11BSD/usr/src/usr.lib/lib2648/rdchar.c HTTP/1.1" 200 781 "-" "Googlebot/2.1 (+http://www.google.com/bot.html)"
100.43.83.155 - - [17/Jan/2012:00:00:00 -0600] "GET /pub/tuhs.org/PDP-11/Trees/2.11BSD/usr/src/usr.lib/lib2648/rdchar.c HTTP/1.1" 200 781 "-" "Googlebot/2.1 (+http://www.google.com/bot.html)"
107.20.105.156 - - [17/Jan/2012:00:01:17 -0600] "GET /phone HTTP/1.1" 200 17681 "-" "Mozilla/5.0 (iPhone; CPU iPhone OS 5_0_1 like Mac OS X) AppleWebKit/534.46 (KHTML, like Gecko) Version/5.1 Mobile/9A405 Safari/7534.48.3"
108.178.58.134 - - [17/Jan/2012:00:01:17 -0600] "GET /mobile HTTP/1.1" 200 17681 "-" "Opera/9.80 (J2ME/MIDP; Opera Mini/4.3.24214/28.2555; U; en) Presto/2.8.119 Version/11.10"
108.61.95.199 - - [17/Jan/2012:00:01:17 -0600] "GET /tablet HTTP/1.1" 200 17681 "-" "Mozilla/5.0 (iPad; CPU OS 6_1_2 like Mac OS X) AppleWebKit/536.26 (KHTML, like Gecko) Version/6.0 Mobile/10B147 Safari/8536.25"
109.206.179.190 - - [17/Jan/2012:00:01:17 -0600] "GET /browser HTTP/1.1" 200 17681 "-" "Mozilla/4.0 (compatible; MSIE 7.0; Windows NT 5.1; bgft)"
113.212.70.155 - - [17/Jan/2012:00:01:17 -0600] "GET /desktop HTTP/1.1" 200 17681 "-" "Mozilla/5.0 (Windows; U; Windows NT 6.1; en-US; rv:0.9.4.1) Gecko/20020508 Netscape6/6.2.3"
118.210.119.98 - - [17/Jan/2012:00:01:17 -0600] "GET /download HTTP/1.1" 200 17681 "-" "Wget/1.x+cvs-stable (Red Hat modified)"
119.63.193.131 - - [17/Jan/2012:00:01:17 -0600] "GET /checker HTTP/1.1" 200 17681 "-" "Jigsaw/2.2.x W3C_CSS_Validator_JFouffa/2.0"
119.63.193.132 - - [17/Jan/2012:00:01:17 -0600] "GET /bot HTTP/1.1" 200 17681 "-" "Googlebot/2.1 (+http://www.google.com/bot.html)"
119.63.193.194 - - [17/Jan/2012:00:01:17 -0600] "GET /unwanted HTTP/1.1" 200 17681 "-" "ZmEu"
119.63.193.195 - - [17/Jan/2012:00:01:17 -0600] "GET /unclassified HTTP/1.1" 200 17681 "-" "LotusDiscovery/x.0 (compatible; Mozilla 4.0; MSIE 4.01; Windows NT)"
119.63.193.196 - - [17/Jan/2012:00:01:17 -0600] "GET /none HTTP/1.1" 200 17681 "-" "-"
122.162.24.97 - - [17/Jan/2012:00:01:17 -0600] "GET /proxy HTTP/1.1" 200 17681 "-" "MIIxpc/4.2"
150.70.172.103 - - [17/Jan/2012:00:01:17 -0600] "GET /unknown HTTP/1.1" 200 17681 "-" "WTF/1.0 (compatible; test user-agent)"
100.43.83.155 - - [17/Jan/2012:01:00:00 -0600] "GET /pub/tuhs.org/PDP-11/Trees/2.11BSD/usr/src/usr.lib/lib2648/rdchar.c HTTP/1.1" 200 781 "-" "Googlebot/2.1 (+http://www.google.com/bot.html)"
100.43.83.155 - - [17/Jan/2012:02:00:00 -0600] "GET /pub/tuhs.org/PDP-11/Trees/2.11BSD/usr/src/usr.lib/lib2648/rdchar.c HTTP/1.1" 200 781 "-" "Googlebot/2.1 (+http://www.google.com/bot.html)"
100.43.83.155 - - [17/Jan/2012:03:00:00 -0600] "GET /pub/tuhs.org/PDP-11/Trees/2.11BSD/usr/src/usr.lib/lib2648/rdchar.c HTTP/1.1" 200 781 "-" "Googlebot/2.1 (+http://www.google.com/bot.html)"
100.43.83.155 - - [17/Jan/2012:04:00:00 -0600] "GET /pub/tuhs.org/PDP-11/Trees/2.11BSD/usr/src/usr.lib/lib2648/rdchar.c HTTP/1.1" 200 781 "-" "Googlebot/2.1 (+http://www.google.com/bot.html)"
100.43.83.155 - - [17/Jan/2012:05:00:00 -0600] "GET /pub/tuhs.org/PDP-11/Trees/2.11BSD/usr/src/usr.lib/lib2648/rdchar.c HTTP/1.1" 200 781 "-" "Googlebot/2.1 (+http://www.google.com/bot.html)"
100.43.83.155 - - [17/Jan/2012:06:00:00 -0600] "GET /pub/tuhs.org/PDP-11/Trees/2.11BSD/usr/src/usr.lib/lib2648/rdchar.c HTTP/1.1" 200 781 "-" "Googlebot/2.1 (+http://www.google.com/bot.html)"
100.43.83.155 - - [17/Jan/2012:07:00:00 -0600] "GET /pub/tuhs.org/PDP-11/Trees/2.11BSD/usr/src/usr.lib/lib2648/rdchar.c HTTP/1.1" 200 781 "-" "Googlebot/2.1 (+http://www.google.com/bot.html)"
100.43.83.155 - - [17/Jan/2012:08:00:00 -0600] "GET /pub/tuhs.org/PDP-11/Trees/2.11BSD/usr/src/usr.lib/lib2648/rdchar.c HTTP/1.1" 200 781 "-" "Googlebot/2.1 (+http://www.google.com/bot.html)"
100.43.83.155 - - [17/Jan/2012:09:00:00 -0600] "GET /pub/tuhs.org/PDP-11/Trees/2.11BSD/usr/src/usr.lib/lib2648/rdchar.c HTTP/1.1" 200 781 "-" "Googlebot/2.1 (+http://www.google.com/bot.html)"
100.43.83.155 - - [17/Jan/2012:10:00:00 -0600] "GET /pub/tuhs.org/PDP-11/Trees/2.11BSD/usr/src/usr.lib/lib2648/rdchar.c HTTP/1.1" 200 781 "-" "Googlebot/2.1 (+http://www.google.com/bot.html)"
100.43.83.155 - - [17/Jan/2012:11:00:00 -0600] "GET /pub/tuhs.org/PDP-11/Trees/2.11BSD/usr/src/usr.lib/lib2648/rdchar.c HTTP/1.1" 200 781 "-" "Googlebot/2.1 (+http://www.google.com/bot.html)"
100.43.83.155 - - [17/Jan/2012:12:00:00 -0600] "GET /pub/tuhs.org/PDP-11/Trees/2.11BSD/usr/src/usr.lib/lib2648/rdchar.c HTTP/1.1" 200 781 "-" "Googlebot/2.1 (+http://www.google.com/bot.html)"
100.43.83.155 - - [17/Jan/2012:13:00:00 -0600] "GET /pub/tuhs.org/PDP-11/Trees/2.11BSD/usr/src/usr.lib/lib2648/rdchar.c HTTP/1.1" 200 781 "-" "Googlebot/2.1 (+http://www.google.com/bot.html)"
100.43.83.155 - - [17/Jan/2012:14:00:00 -0600] "GET /pub/tuhs.org/PDP-11/Trees/2.11BSD/usr/src/usr.lib/lib2648/rdchar.c HTTP/1.1" 200 781 "-" "Googlebot/2.1 (+http://www.google.com/bot.html)"
100.43.83.155 - - [17/Jan/2012:15:00:00 -0600] "GET /pub/tuhs.org/PDP-11/Trees/2.11BSD/usr/src/usr.lib/lib2648/rdchar.c HTTP/1.1" 200 781 "-" "Googlebot/2.1 (+http://www.google.com/bot.html)"
100.43.83.155 - - [17/Jan/2012:16:00:00 -0600] "GET /pub/tuhs.org/PDP-11/Trees/2.11BSD/usr/src/usr.lib/lib2648/rdchar.c HTTP/1.1" 200 781 "-" "Googlebot/2.1 (+http://www.google.com/bot.html)"
100.43.83.155 - - [17/Jan/2012:17:00:00 -0600] "GET /pub/tuhs.org/PDP-11/Trees/2.11BSD/usr/src/usr.lib/lib2648/rdchar.c HTTP/1.1" 200 781 "-" "Googlebot/2.1 (+http://www.google.com/bot.html)"
100.43.83.155 - - [17/Jan/2012:18:00:00 -0600] "GET /pub/tuhs.org/PDP-11/Trees/2.11BSD/usr/src/usr.lib/lib2648/rdchar.c HTTP/1.1" 200 781 "-" "Googlebot/2.1 (+http://www.google.com/bot.html)"
100.43.83.155 - - [17/Jan/2012:19:00:00 -0600] "GET /pub/tuhs.org/PDP-11/Trees/2.11BSD/usr/src/usr.lib/lib2648/rdchar.c HTTP/1.1" 200 781 "-" "Googlebot/2.1 (+http://www.google.com/bot.html)"
100.43.83.155 - - [17/Jan/2012:20:00:00 -0600] "GET /pub/tuhs.org/PDP-11/Trees/2.11BSD/usr/src/usr.lib/lib2648/rdchar.c HTTP/1.1" 200 781 "-" "Googlebot/2.1 (+http://www.google.com/bot.html)"
100.43.83.155 - - [17/Jan/2012:21:00:00 -0600] "GET /pub/tuhs.org/PDP-11/Trees/2.11BSD/usr/src/usr.lib/lib2648/rdchar.c HTTP/1.1" 200 781 "-" "Googlebot/2.1 (+http://www.google.com/bot.html)"
100.43.83.155 - - [17/Jan/2012:22:00:00 -0600] "GET /pub/tuhs.org/PDP-11/Trees/2.11BSD/usr/src/usr.lib/lib2648/rdchar.c HTTP/1.1" 200 781 "-" "Googlebot/2.1 (+http://www.google.com/bot.html)"
100.43.83.155 - - [17/Jan/2012:23:00:00 -0600] "GET /pub/tuhs.org/PDP-11/Trees/2.11BSD/usr/src/usr.lib/lib2648/rdchar.c HTTP/1.1" 200 781 "-" "Googlebot/2.1 (+http://www.google.com/bot.html)"
100.43.83.155 - - [18/Jan/2012:00:00:00 -0600] "GET /pub/tuhs.org/PDP-11/Trees/2.11BSD/usr/src/usr.lib/lib2648/rdchar.c HTTP/1.1" 200 781 "-" "Googlebot/2.1 (+http://www.google.com/bot.html)"
107.20.105.156 - - [18/Jan/2012:00:01:18 -0600] "GET /phone HTTP/1.1" 200 17681 "-" "Mozilla/5.0 (iPhone; CPU iPhone OS 5_0_1 like Mac OS X) AppleWebKit/534.46 (KHTML, like Gecko) Version/5.1 Mobile/9A405 Safari/7534.48.3"
108.178.58.134 - - [18/Jan/2012:00:01:18 -0600] "GET /mobile HTTP/1.1" 200 17681 "-" "Opera/9.80 (J2ME/MIDP; Opera Mini/4.3.24214/28.2555; U; en) Presto/2.8.119 Version/11.10"
108.61.95.199 - - [18/Jan/2012:00:01:18 -0600] "GET /tablet HTTP/1.1" 200 17681 "-" "Mozilla/5.0 (iPad; CPU OS 6_1_2 like Mac OS X) AppleWebKit/536.26 (KHTML, like Gecko) Version/6.0 Mobile/10B147 Safari/8536.25"
109.206.179.190 - - [18/Jan/2012:00:01:18 -0600] "GET /browser HTTP/1.1" 200 17681 "-" "Mozilla/4.0 (compatible; MSIE 7.0; Windows NT 5.1; bgft)"
113.212.70.155 - - [18/Jan/2012:00:01:18 -0600] "GET /desktop HTTP/1.1" 200 17681 "-" "Mozilla/5.0 (Windows; U; Windows NT 6.1; en-US; rv:0.9.4.1) Gecko/20020508 Netscape6/6.2.3"
118.210.119.98 - - [18/Jan/2012:00:01:18 -0600] "GET /download HTTP/1.1" 200 17681 "-" "Wget/1.x+cvs-stable (Red Hat modified)"
119.63.193.131 - - [18/Jan/2012:00:01:18 -0600] "GET /checker HTTP/1.1" 200 17681 "-" "Jigsaw/2.2.x W3C_CSS_Validator_JFouffa/2.0"
119.63.193.132 - - [18/Jan/2012:00:01:18 -0600] "GET /bot HTTP/1.1" 200 17681 "-" "Googlebot/2.1 (+http://www.google.com/bot.html)"
119.63.193.194 - - [18/Jan/2012:00:01:18 -0600] "GET /unwanted HTTP/1.1" 200 17681 "-" "ZmEu"
119.63.193.195 - - [18/Jan/2012:00:01:18 -0600] "GET /unclassified HTTP/1.1" 200 17681 "-" "LotusDiscovery/x.0 (compatible; Mozilla 4.0; MSIE 4.01; Windows NT)"
119.63.193.196 - - [18/Jan/2012:00:01:18 -0600] "GET /none HTTP/1.1" 200 17681 "-" "-"
122.162.24.97 - - [18/Jan/2012:00:01:18 -0600] "GET /proxy HTTP/1.1" 200 17681 "-" "MIIxpc/4.2"
150.70.172.103 - - [18/Jan/2012:00:01:18 -0600] "GET /unknown HTTP/1.1" 200 17681 "-" "WTF/1.0 (compatible; test user-agent)"
100.43.83.155 - - [18/Jan/2012:01:00:00 -0600] "GET /pub/tuhs.org/PDP-11/Trees/2.11BSD/usr/src/usr.lib/lib2648/rdchar.c HTTP/1.1" 200 781 "-" "Googlebot/2.1 (+http://www.google.com/bot.html)"
100.43.83.155 - - [18/Jan/2012:02:00:00 -0600] "GET /pub/tuhs.org/PDP-11/Trees/2.11BSD/usr/src/usr.lib/lib2648/rdchar.c HTTP/1.1" 200 781 "-" "Googlebot/2.1 (+http://www.google.com/bot.html)"
100.43.83.155 - - [18/Jan/2012:03:00:00 -0600] "GET /pub/tuhs.org/PDP-11/Trees/2.11BSD/usr/src/usr.lib/lib2648/rdchar.c HTTP/1.1" 200 781 "-" "Googlebot/2.1 (+http://www.google.com/bot.html)"
100.43.83.155 - - [18/Jan/2012:04:00:00 -0600] "GET /pub/tuhs.org/PDP-11/Trees/2.11BSD/usr/src/usr.lib/lib2648/rdchar.c HTTP/1.1" 200 781 "-" "Googlebot/2.1 (+http://www.google.com/bot.html)"
100.43.83.155 - - [18/Jan/2012:05:00:00 -0600] "GET /pub/tuhs.org/PDP-11/Trees/2.11BSD/usr/src/usr.lib/lib2648/rdchar.c HTTP/1.1" 200 781 "-" "Googlebot/2.1 (+http://www.google.com/bot.html)"
100.43.83.155 - - [18/Jan/2012:06:00:00 -0600] "GET /pub/tuhs.org/PDP-11/Trees/2.11BSD/usr/src/usr.lib/lib2648/rdchar.c HTTP/1.1" 200 781 "-" "Googlebot/2.1 (+http://www.google.com/bot.html)"
100.43.83.155 - - [18/Jan/2012:07:00:00 -0600] "GET /pub/tuhs.org/PDP-11/Trees/2.11BSD/usr/src/usr.lib/lib2648/rdchar.c HTTP/1.1" 200 781 "-" "Googlebot/2.1 (+http://www.google.com/bot.html)"
100.43.83.155 - - [18/Jan/2012:08:00:00 -0600] "GET /pub/tuhs.org/PDP-11/Trees/2.11BSD/usr/src/usr.lib/lib2648/rdchar.c HTTP/1.1" 200 781 "-" "Googlebot/2.1 (+http://www.google.com/bot.html)"
100.43.83.155 - - [18/Jan/2012:09:00:00 -0600] "GET /pub/tuhs.org/PDP-11/Trees/2.11BSD/usr/src/usr.lib/lib2648/rdchar.c HTTP/1.1" 200 781 "-" "Googlebot/2.1 (+http://www.google.com/bot.html)"
100.43.83.155 - - [18/Jan/2012:10:00:00 -0600] "GET /pub/tuhs.org/PDP-11/Trees/2.11BSD/usr/src/usr.lib/lib2648/rdchar.c HTTP/1.1" 200 781 "-" "Googlebot/2.1 (+http://www.google.com/bot.html)"
100.43.83.155 - - [18/Jan/2012:11:00:00 -0600] "GET /pub/tuhs.org/PDP-11/Trees/2.11BSD/usr/src/usr.lib/lib2648/rdchar.c HTTP/1.1" 200 781 "-" "Googlebot/2.1 (+http://www.google.com/bot.html)"
100.43.83.155 - - [18/Jan/2012:12:00:00 -0600] "GET /pub/tuhs.org/PDP-11/Trees/2.11BSD/usr/src/usr.lib/lib2648/rdchar.c HTTP/1.1" 200 781 "-" "Googlebot/2.1 (+http://www.google.com/bot.html)"
100.43.83.155 - - [18/Jan/2012:13:00:00 -0600] "GET /pub/tuhs.org/PDP-11/Trees/2.11BSD/usr/src/usr.lib/lib2648/rdchar.c HTTP/1.1" 200 781 "-" "Googlebot/2.1 (+http://www.google.com/bot.html)"
100.43.83.155 - - [18/Jan/2012:14:00:00 -0600] "GET /pub/tuhs.org/PDP-11/Trees/2.11BSD/usr/src/usr.lib/lib2648/rdchar.c HTTP/1.1" 200 781 "-" "Googlebot/2.1 (+http://www.google.com/bot.html)"
100.43.83.155 - - [18/Jan/2012:15:00:00 -0600] "GET /pub/tuhs.org/PDP-11/Trees/2.11BSD/usr/src/usr.lib/lib2648/rdchar.c HTTP/1.1" 200 781 "-" "Googlebot/2.1 (+http://www.google.com/bot.html)"
100.43.83.155 - - [18/Jan/2012:16:00:00 -0600] "GET /pub/tuhs.org/PDP-11/Trees/2.11BSD/usr/src/usr.lib/lib2648/rdchar.c HTTP/1.1" 200 781 "-" "Googlebot/2.1 (+http://www.google.com/bot.html)"
100.43.83.155 - - [18/Jan/2012:17:00:00 -0600] "GET /pub/tuhs.org/PDP-11/Trees/2.11BSD/usr/src/usr.lib/lib2648/rdchar.c HTTP/1.1" 200 781 "-" "Googlebot/2.1 (+http://www.google.com/bot.html)"
100.43.83.155 - - [18/Jan/2012:18:00:00 -0600] "GET /pub/tuhs.org/PDP-11/Trees/2.11BSD/usr/src/usr.lib/lib2648/rdchar.c HTTP/1.1" 200 781 "-" "Googlebot/2.1 (+http://www.google.com/bot.html)"
100.43.83.155 - - [18/Jan/2012:19:00:00 -0600] "GET /pub/tuhs.org/PDP-11/Trees/2.11BSD/usr/src/usr.lib/lib2648/rdchar.c HTTP/1.1" 200 781 "-" "Googlebot/2.1 (+http://www.google.com/bot.html)"
100.43.83.155 - - [18/Jan/2012:20:00:00 -0600] "GET /pub/tuhs.org/PDP-11/Trees/2.11BSD/usr/src/usr.lib/lib2648/rdchar.c HTTP/1.1" 200 781 "-" "Googlebot/2.1 (+http://www.google.com/bot.html)"
100.43.83.155 - - [18/Jan/2012:21:00:00 -0600] "GET /pub/tuhs.org/PDP-11/Trees/2.11BSD/usr/src/usr.lib/lib2648/rdchar.c HTTP/1.1" 200 781 "-" "Googlebot/2.1 (+http://www.google.com/bot.html)"
100.43.83.155 - - [18/Jan/2012:22:00:00 -0600] "GET /pub/tuhs.org/PDP-11/Trees/2.11BSD/usr/src/usr.lib/lib2648/rdchar.c HTTP/1.1" 200 781 "-" "Googlebot/2.1 (+http://www.google.com/bot.html)"
100.43.83.155 - - [18/Jan/2012:23:00:00 -0600] "GET /pub/tuhs.org/PDP-11/Trees/2.11BSD/usr/src/usr.lib/lib2648/rdchar.c HTTP/1.1" 200 781 "-" "Googlebot/2.1 (+http://www.google.com/bot.html)"
100.43.83.155 - - [19/Jan/2012:00:00:00 -0600] "GET /pub/tuhs.org/PDP-11/Trees/2.11BSD/usr/src/usr.lib/lib2648/rdchar.c HTTP/1.1" 200 781 "-" "Googlebot/2.1 (+http://www.google.com/bot.html)"
107.20.105.156 - - [19/Jan/2012:00:01:19 -0600] "GET /phone HTTP/1.1" 200 17681 "-" "Mozilla/5.0 (iPhone; CPU iPhone OS 5_0_1 like Mac OS X) AppleWebKit/534.46 (KHTML, like Gecko) Version/5.1 Mobile/9A405 Safari/7534.48.3"
108.178.58.134 - - [19/Jan/2012:00:01:19 -0600] "GET /mobile HTTP/1.1" 200 17681 "-" "Opera/9.80 (J2ME/MIDP; Opera Mini/4.3.24214/28.2555; U; en) Presto/2.8.119 Version/11.10"
108.61.95.199 - - [19/Jan/2012:00:01:19 -0600] "GET /tablet HTTP/1.1" 200 17681 "-" "Mozilla/5.0 (iPad; CPU OS 6_1_2 like Mac OS X) AppleWebKit/536.26 (KHTML, like Gecko) Version/6.0 Mobile/10B147 Safari/8536.25"
109.206.179.190 - - [19/Jan/2012:00:01:19 -0600] "GET /browser HTTP/1.1" 200 17681 "-" "Mozilla/4.0 (compatible; MSIE 7.0; Windows NT 5.1; bgft)"
113.212.70.155 - - [19/Jan/2012:00:01:19 -0600] "GET /desktop HTTP/1.1" 200 17681 "-" "Mozilla/5.0 (Windows; U; Windows NT 6.1; en-US; rv:0.9.4.1) Gecko/20020508 Netscape6/6.2.3"
118.210.119.98 - - [19/Jan/2012:00:01:19 -0600] "GET /download HTTP/1.1" 200 17681 "-" "Wget/1.x+cvs-stable (Red Hat modified)"
119.63.193.131 - - [19/Jan/2012:00:01:19 -0600] "GET /checker HTTP/1.1" 200 17681 "-" "Jigsaw/2.2.x W3C_CSS_Validator_JFouffa/2.0"
119.63.193.132 - - [19/Jan/2012:00:01:19 -0600] "GET /bot HTTP/1.1" 200 17681 "-" "Googlebot/2.1 (+http://www.google.com/bot.html)"
119.63.193.194 - - [19/Jan/2012:00:01:19 -0600] "GET /unwanted HTTP/1.1" 200 17681 "-" "ZmEu"
119.63.193.195 - - [19/Jan/2012:00:01:19 -0600] "GET /unclassified HTTP/1.1" 200 17681 "-" "LotusDiscovery/x.0 (compatible; Mozilla 4.0; MSIE 4.01; Windows NT)"
119.63.193.196 - - [19/Jan/2012:00:01:19 -0600] "GET /none HTTP/1.1" 200 17681 "-" "-"
122.162.24.97 - - [19/Jan/2012:00:01:19 -0600] "GET /proxy HTTP/1.1" 200 17681 "-" "MIIxpc/4.2"
150.70.172.103 - - [19/Jan/2012:00:01:19 -0600] "GET /unknown HTTP/1.1" 200 17681 "-" "WTF/1.0 (compatible; test user-agent)"
100.43.83.155 - - [19/Jan/2012:01:00:00 -0600] "GET /pub/tuhs.org/PDP-11/Trees/2.11BSD/usr/src/usr.lib/lib2648/rdchar.c HTTP/1.1" 200 781 "-" "Googlebot/2.1 (+http://www.google.com/bot.html)"
100.43.83.155 - - [19/Jan/2012:02:00:00 -0600] "GET /pub/tuhs.org/PDP-11/Trees/2.11BSD/usr/src/usr.lib/lib2648/rdchar.c HTTP/1.1" 200 781 "-" "Googlebot/2.1 (+http://www.google.com/bot.html)"
100.43.83.155 - - [19/Jan/2012:03:00:00 -0600] "GET /pub/tuhs.org/PDP-11/Trees/2.11BSD/usr/src/usr.lib/lib2648/rdchar.c HTTP/1.1" 200 781 "-" "Googlebot/2.1 (+http://www.google.com/bot.html)"
100.43.83.155 - - [19/Jan/2012:04:00:00 -0600] "GET /pub/tuhs.org/PDP-11/Trees/2.11BSD/usr/src/usr.lib/lib2648/rdchar.c HTTP/1.1" 200 781 "-" "Googlebot/2.1 (+http://www.google.com/bot.html)"
100.43.83.155 - - [19/Jan/2012:05:00:00 -0600] "GET /pub/tuhs.org/PDP-11/Trees/2.11BSD/usr/src/usr.lib/lib2648/rdchar.c HTTP/1.1" 200 781 "-" "Googlebot/2.1 (+http://www.google.com/bot.html)"
100.43.83.155 - - [19/Jan/2012:06:00:00 -0600] "GET /pub/tuhs.org/PDP-11/Trees/2.11BSD/usr/src/usr.lib/lib2648/rdchar.c HTTP/1.1" 200 781 "-" "Googlebot/2.1 (+http://www.google.com/bot.html)"
100.43.83.155 - - [19/Jan/2012:07:00:00 -0600] "GET /pub/tuhs.org/PDP-11/Trees/2.11BSD/usr/src/usr.lib/lib2648/rdchar.c HTTP/1.1" 200 781 "-" "Googlebot/2.1 (+http://www.google.com/bot.html)"
100.43.83.155 - - [19/Jan/2012:08:00:00 -0600] "GET /pub/tuhs.org/PDP-11/Trees/2.11BSD/usr/src/usr.lib/lib2648/rdchar.c HTTP/1.1" 200 781 "-" "Googlebot/2.1 (+http://www.google.com/bot.html)"
100.43.83.155 - - [19/Jan/2012:09:00:00 -0600] "GET /pub/tuhs.org/PDP-11/Trees/2.11BSD/usr/src/usr.lib/lib2648/rdchar.c HTTP/1.1" 200 781 "-" "Googlebot/2.1 (+http://www.google.com/bot.html)"
100.43.83.155 - - [19/Jan/2012:10:00:00 -0600] "GET /pub/tuhs.org/PDP-11/Trees/2.11BSD/usr/src/usr.lib/lib2648/rdchar.c HTTP/1.1" 200 781 "-" "Googlebot/2.1 (+http://www.google.com/bot.html)"
100.43.83.155 - - [19/Jan/2012:11:00:00 -0600] "GET /pub/tuhs.org/PDP-11/Trees/2.11BSD/usr/src/usr.lib/lib2648/rdchar.c HTTP/1.1" 200 781 "-" "Googlebot/2.1 (+http://www.google.com/bot.html)"
100.43.83.155 - - [19/Jan/2012:12:00:00 -0600] "GET /pub/tuhs.org/PDP-11/Trees/2.11BSD/usr/src/usr.lib/lib2648/rdchar.c HTTP/1.1" 200 781 "-" "Googlebot/2.1 (+http://www.google.com/bot.html)"
100.43.83.155 - - [19/Jan/2012:13:00:00 -0600] "GET /pub/tuhs.org/PDP-11/Trees/2.11BSD/usr/src/usr.lib/lib2648/rdchar.c HTTP/1.1" 200 781 "-" "Googlebot/2.1 (+http://www.google.com/bot.html)"
100.43.83.155 - - [19/Jan/2012:14:00:00 -0600] "GET /pub/tuhs.org/PDP-11/Trees/2.11BSD/usr/src/usr.lib/lib2648/rdchar.c HTTP/1.1" 200 781 "-" "Googlebot/2.1 (+http://www.google.com/bot.html)"
100.43.83.155 - - [19/Jan/2012:15:00:00 -0600] "GET /pub/tuhs.org/PDP-11/Trees/2.11BSD/usr/src/usr.lib/lib2648/rdchar.c HTTP/1.1" 200 781 "-" "Googlebot/2.1 (+http://www.google.com/bot.html)"
100.43.83.155 - - [19/Jan/2012:16:00:00 -0600] "GET /pub/tuhs.org/PDP-11/Trees/2.11BSD/usr/src/usr.lib/lib2648/rdchar.c HTTP/1.1" 200 781 "-" "Googlebot/2.1 (+http://www.google.com/bot.html)"
100.43.83.155 - - [19/Jan/2012:17:00:00 -0600] "GET /pub/tuhs.org/PDP-11/Trees/2.11BSD/usr/src/usr.lib/lib2648/rdchar.c HTTP/1.1" 200 781 "-" "Googlebot/2.1 (+http://www.google.com/bot.html)"
100.43.83.155 - - [19/Jan/2012:18:00:00 -0600] "GET /pub/tuhs.org/PDP-11/Trees/2.11BSD/usr/src/usr.lib/lib2648/rdchar.c HTTP/1.1" 200 781 "-" "Googlebot/2.1 (+http://www.google.com/bot.html)"
100.43.83.155 - - [19/Jan/2012:19:00:00 -0600] "GET /pub/tuhs.org/PDP-11/Trees/2.11BSD/usr/src/usr.lib/lib2648/rdchar.c HTTP/1.1" 200 781 "-" "Googlebot/2.1 (+http://www.google.com/bot.html)"
100.43.83.155 - - [19/Jan/2012:20:00:00 -0600] "GET /pub/tuhs.org/PDP-11/Trees/2.11BSD/usr/src/usr.lib/lib2648/rdchar.c HTTP/1.1" 200 781 "-" "Googlebot/2.1 (+http://www.google.com/bot.html)"
100.43.83.155 - - [19/Jan/2012:21:00:00 -0600] "GET /pub/tuhs.org/PDP-11/Trees/2.11BSD/usr/src/usr.lib/lib2648/rdchar.c HTTP/1.1" 200 781 "-" "Googlebot/2.1 (+http://www.google.com/bot.html)"
100.43.83.155 - - [19/Jan/2012:22:00:00 -0600] "GET /pub/tuhs.org/PDP-11/Trees/2.11BSD/usr/src/usr.lib/lib2648/rdchar.c HTTP/1.1" 200 781 "-" "Googlebot/2.1 (+http://www.google.com/bot.html)"
100.43.83.155 - - [19/Jan/2012:23:00:00 -0600] "GET /pub/tuhs.org/PDP-11/Trees/2.11BSD/usr/src/usr.lib/lib2648/rdchar.c HTTP/1.1" 200 781 "-" "Googlebot/2.1 (+http://www.google.com/bot.html)"
100.43.83.155 - - [20/Jan/2012:00:00:00 -0600] "GET /pub/tuhs.org/PDP-11/Trees/2.11BSD/usr/src/usr.lib/lib2648/rdchar.c HTTP/1.1" 200 781 "-" "Googlebot/2.1 (+http://www.google.com/bot.html)"
107.20.105.156 - - [20/Jan/2012:00:01:20 -0600] "GET /phone HTTP/1.1" 200 17681 "-" "Mozilla/5.0 (iPhone; CPU iPhone OS 5_0_1 like Mac OS X) AppleWebKit/534.46 (KHTML, like Gecko) Version/5.1 Mobile/9A405 Safari/7534.48.3"
108.178.58.134 - - [20/Jan/2012:00:01:20 -0600] "GET /mobile HTTP/1.1" 200 17681 "-" "Opera/9.80 (J2ME/MIDP; Opera Mini/4.3.24214/28.2555; U; en) Presto/2.8.119 Version/11.10"
108.61.95.199 - - [20/Jan/2012:00:01:20 -0600] "GET /tablet HTTP/1.1" 200 17681 "-" "Mozilla/5.0 (iPad; CPU OS 6_1_2 like Mac OS X) AppleWebKit/536.26 (KHTML, like Gecko) Version/6.0 Mobile/10B147 Safari/8536.25"
109.206.179.190 - - [20/Jan/2012:00:01:20 -0600] "GET /browser HTTP/1.1" 200 17681 "-" "Mozilla/4.0 (compatible; MSIE 7.0; Windows NT 5.1; bgft)"
113.212.70.155 - - [20/Jan/2012:00:01:20 -0600] "GET /desktop HTTP/1.1" 200 17681 "-" "Mozilla/5.0 (Windows; U; Windows NT 6.1; en-US; rv:0.9.4.1) Gecko/20020508 Netscape6/6.2.3"
118.210.119.98 - - [20/Jan/2012:00:01:20 -0600] "GET /download HTTP/1.1" 200 17681 "-" "Wget/1.x+cvs-stable (Red Hat modified)"
119.63.193.131 - - [20/Jan/2012:00:01:20 -0600] "GET /checker HTTP/1.1" 200 17681 "-" "Jigsaw/2.2.x W3C_CSS_Validator_JFouffa/2.0"
119.63.193.132 - - [20/Jan/2012:00:01:20 -0600] "GET /bot HTTP/1.1" 200 17681 "-" "Googlebot/2.1 (+http://www.google.com/bot.html)"
119.63.193.194 - - [20/Jan/2012:00:01:20 -0600] "GET /unwanted HTTP/1.1" 200 17681 "-" "ZmEu"
119.63.193.195 - - [20/Jan/2012:00:01:20 -0600] "GET /unclassified HTTP/1.1" 200 17681 "-" "LotusDiscovery/x.0 (compatible; Mozilla 4.0; MSIE 4.01; Windows NT)"
119.63.193.196 - - [20/Jan/2012:00:01:20 -0600] "GET /none HTTP/1.1" 200 17681 "-" "-"
122.162.24.97 - - [20/Jan/2012:00:01:20 -0600] "GET /proxy HTTP/1.1" 200 17681 "-" "MIIxpc/4.2"
150.70.172.103 - - [20/Jan/2012:00:01:20 -0600] "GET /unknown HTTP/1.1" 200 17681 "-" "WTF/1.0 (compatible; test user-agent)"
100.43.83.155 - - [20/Jan/2012:01:00:00 -0600] "GET /pub/tuhs.org/PDP-11/Trees/2.11BSD/usr/src/usr.lib/lib2648/rdchar.c HTTP/1.1" 200 781 "-" "Googlebot/2.1 (+http://www.google.com/bot.html)"
100.43.83.155 - - [20/Jan/2012:02:00:00 -0600] "GET /pub/tuhs.org/PDP-11/Trees/2.11BSD/usr/src/usr.lib/lib2648/rdchar.c HTTP/1.1" 200 781 "-" "Googlebot/2.1 (+http://www.google.com/bot.html)"
100.43.83.155 - - [20/Jan/2012:03:00:00 -0600] "GET /pub/tuhs.org/PDP-11/Trees/2.11BSD/usr/src/usr.lib/lib2648/rdchar.c HTTP/1.1" 200 781 "-" "Googlebot/2.1 (+http://www.google.com/bot.html)"
100.43.83.155 - - [20/Jan/2012:04:00:00 -0600] "GET /pub/tuhs.org/PDP-11/Trees/2.11BSD/usr/src/usr.lib/lib2648/rdchar.c HTTP/1.1" 200 781 "-" "Googlebot/2.1 (+http://www.google.com/bot.html)"
100.43.83.155 - - [20/Jan/2012:05:00:00 -0600] "GET /pub/tuhs.org/PDP-11/Trees/2.11BSD/usr/src/usr.lib/lib2648/rdchar.c HTTP/1.1" 200 781 "-" "Googlebot/2.1 (+http://www.google.com/bot.html)"
100.43.83.155 - - [20/Jan/2012:06:00:00 -0600] "GET /pub/tuhs.org/PDP-11/Trees/2.11BSD/usr/src/usr.lib/lib2648/rdchar.c HTTP/1.1" 200 781 "-" "Googlebot/2.1 (+http://www.google.com/bot.html)"
100.43.83.155 - - [20/Jan/2012:07:00:00 -0600] "GET /pub/tuhs.org/PDP-11/Trees/2.11BSD/usr/src/usr.lib/lib2648/rdchar.c HTTP/1.1" 200 781 "-" "Googlebot/2.1 (+http://www.google.com/bot.html)"
100.43.83.155 - - [20/Jan/2012:08:00:00 -0600] "GET /pub/tuhs.org/PDP-11/Trees/2.11BSD/usr/src/usr.lib/lib2648/rdchar.c HTTP/1.1" 200 781 "-" "Googlebot/2.1 (+http://www.google.com/bot.html)"
100.43.83.155 - - [20/Jan/2012:09:00:00 -0600] "GET /pub/tuhs.org/PDP-11/Trees/2.11BSD/usr/src/usr.lib/lib2648/rdchar.c HTTP/1.1" 200 781 "-" "Googlebot/2.1 (+http://www.google.com/bot.html)"
100.43.83.155 - - [20/Jan/2012:10:00:00 -0600] "GET /pub/tuhs.org/PDP-11/Trees/2.11BSD/usr/src/usr.lib/lib2648/rdchar.c HTTP/1.1" 200 781 "-" "Googlebot/2.1 (+http://www.google.com/bot.html)"
100.43.83.155 - - [20/Jan/2012:11:00:00 -0600] "GET /pub/tuhs.org/PDP-11/Trees/2.11BSD/usr/src/usr.lib/lib2648/rdchar.c HTTP/1.1" 200 781 "-" "Googlebot/2.1 (+http://www.google.com/bot.html)"
100.43.83.155 - - [20/Jan/2012:12:00:00 -0600] "GET /pub/tuhs.org/PDP-11/Trees/2.11BSD/usr/src/usr.lib/lib2648/rdchar.c HTTP/1.1" 200 781 "-" "Googlebot/2.1 (+http://www.google.com/bot.html)"
100.43.83.155 - - [20/Jan/2012:13:00:00 -0600] "GET /pub/tuhs.org/PDP-11/Trees/2.11BSD/usr/src/usr.lib/lib2648/rdchar.c HTTP/1.1" 200 781 "-" "Googlebot/2.1 (+http://www.google.com/bot.html)"
100.43.83.155 - - [20/Jan/2012:14:00:00 -0600] "GET /pub/tuhs.org/PDP-11/Trees/2.11BSD/usr/src/usr.lib/lib2648/rdchar.c HTTP/1.1" 200 781 "-" "Googlebot/2.1 (+http://www.google.com/bot.html)"
100.43.83.155 - - [20/Jan/2012:15:00:00 -0600] "GET /pub/tuhs.org/PDP-11/Trees/2.11BSD/usr/src/usr.lib/lib2648/rdchar.c HTTP/1.1" 200 781 "-" "Googlebot/2.1 (+http://www.google.com/bot.html)"
100.43.83.155 - - [20/Jan/2012:16:00:00 -0600] "GET /pub/tuhs.org/PDP-11/Trees/2.11BSD/usr/src/usr.lib/lib2648/rdchar.c HTTP/1.1" 200 781 "-" "Googlebot/2.1 (+http://www.google.com/bot.html)"
100.43.83.155 - - [20/Jan/2012:17:00:00 -0600] "GET /pub/tuhs.org/PDP-11/Trees/2.11BSD/usr/src/usr.lib/lib2648/rdchar.c HTTP/1.1" 200 781 "-" "Googlebot/2.1 (+http://www.google.com/bot.html)"
100.43.83.155 - - [20/Jan/2012:18:00:00 -0600] "GET /pub/tuhs.org/PDP-11/Trees/2.11BSD/usr/src/usr.lib/lib2648/rdchar.c HTTP/1.1" 200 781 "-" "Googlebot/2.1 (+http://www.google.com/bot.html)"
100.43.83.155 - - [20/Jan/2012:19:00:00 -0600] "GET /pub/tuhs.org/PDP-11/Trees/2.11BSD/usr/src/usr.lib/lib2648/rdchar.c HTTP/1.1" 200 781 "-" "Googlebot/2.1 (+http://www.google.com/bot.html)"
100.43.83.155 - - [20/Jan/2012:20:00:00 -0600] "GET /pub/tuhs.org/PDP-11/Trees/2.11BSD/usr/src/usr.lib/lib2648/rdchar.c HTTP/1.1" 200 781 "-" "Googlebot/2.1 (+http://www.google.com/bot.html)"
100.43.83.155 - - [20/Jan/2012:21:00:00 -0600] "GET /pub/tuhs.org/PDP-11/Trees/2.11BSD/usr/src/usr.lib/lib2648/rdchar.c HTTP/1.1" 200 781 "-" "Googlebot/2.1 (+http://www.google.com/bot.html)"
100.43.83.155 - - [20/Jan/2012:22:00:00 -0600] "GET /pub/tuhs.org/PDP-11/Trees/2.11BSD/usr/src/usr.lib/lib2648/rdchar.c HTTP/1.1" 200 781 "-" "Googlebot/2.1 (+http://www.google.com/bot.html)"
100.43.83.155 - - [20/Jan/2012:23:00:00 -0600] "GET /pub/tuhs.org/PDP-11/Trees/2.11BSD/usr/src/usr.lib/lib2648/rdchar.c HTTP/1.1" 200 781 "-" "Googlebot/2.1 (+http://www.google.com/bot.html)"
100.43.83.155 - - [21/Jan/2012:00:00:00 -0600] "GET /pub/tuhs.org/PDP-11/Trees/2.11BSD/usr/src/usr.lib/lib2648/rdchar.c HTTP/1.1" 200 781 "-" "Googlebot/2.1 (+http://www.google.com/bot.html)"
107.20.105.156 - - [21/Jan/2012:00:01:21 -0600] "GET /phone HTTP/1.1" 200 17681 "-" "Mozilla/5.0 (iPhone; CPU iPhone OS 5_0_1 like Mac OS X) AppleWebKit/534.46 (KHTML, like Gecko) Version/5.1 Mobile/9A405 Safari/7534.48.3"
108.178.58.134 - - [21/Jan/2012:00:01:21 -0600] "GET /mobile HTTP/1.1" 200 17681 "-" "Opera/9.80 (J2ME/MIDP; Opera Mini/4.3.24214/28.2555; U; en) Presto/2.8.119 Version/11.10"
108.61.95.199 - - [21/Jan/2012:00:01:21 -0600] "GET /tablet HTTP/1.1" 200 17681 "-" "Mozilla/5.0 (iPad; CPU OS 6_1_2 like Mac OS X) AppleWebKit/536.26 (KHTML, like Gecko) Version/6.0 Mobile/10B147 Safari/8536.25"
109.206.179.190 - - [21/Jan/2012:00:01:21 -0600] "GET /browser HTTP/1.1" 200 17681 "-" "Mozilla/4.0 (compatible; MSIE 7.0; Windows NT 5.1; bgft)"
113.212.70.155 - - [21/Jan/2012:00:01:21 -0600] "GET /desktop HTTP/1.1" 200 17681 "-" "Mozilla/5.0 (Windows; U; Windows NT 6.1; en-US; rv:0.9.4.1) Gecko/20020508 Netscape6/6.2.3"
118.210.119.98 - - [21/Jan/2012:00:01:21 -0600] "GET /download HTTP/1.1" 200 17681 "-" "Wget/1.x+cvs-stable (Red Hat modified)"
119.63.193.131 - - [21/Jan/2012:00:01:21 -0600] "GET /checker HTTP/1.1" 200 17681 "-" "Jigsaw/2.2.x W3C_CSS_Validator_JFouffa/2.0"
119.63.193.132 - - [21/Jan/2012:00:01:21 -0600] "GET /bot HTTP/1.1" 200 17681 "-" "Googlebot/2.1 (+http://www.google.com/bot.html)"
119.63.193.194 - - [21/Jan/2012:00:01:21 -0600] "GET /unwanted HTTP/1.1" 200 17681 "-" "ZmEu"
119.63.193.195 - - [21/Jan/2012:00:01:21 -0600] "GET /unclassified HTTP/1.1" 200 17681 "-" "LotusDiscovery/x.0 (compatible; Mozilla 4.0; MSIE 4.01; Windows NT)"
119.63.193.196 - - [21/Jan/2012:00:01:21 -0600] "GET /none HTTP/1.1" 200 17681 "-" "-"
122.162.24.97 - - [21/Jan/2012:00:01:21 -0600] "GET /proxy HTTP/1.1" 200 17681 "-" "MIIxpc/4.2"
150.70.172.103 - - [21/Jan/2012:00:01:21 -0600] "GET /unknown HTTP/1.1" 200 17681 "-" "WTF/1.0 (compatible; test user-agent)"
100.43.83.155 - - [21/Jan/2012:01:00:00 -0600] "GET /pub/tuhs.org/PDP-11/Trees/2.11BSD/usr/src/usr.lib/lib2648/rdchar.c HTTP/1.1" 200 781 "-" "Googlebot/2.1 (+http://www.google.com/bot.html)"
100.43.83.155 - - [21/Jan/2012:02:00:00 -0600] "GET /pub/tuhs.org/PDP-11/Trees/2.11BSD/usr/src/usr.lib/lib2648/rdchar.c HTTP/1.1" 200 781 "-" "Googlebot/2.1 (+http://www.google.com/bot.html)"
100.43.83.155 - - [21/Jan/2012:03:00:00 -0600] "GET /pub/tuhs.org/PDP-11/Trees/2.11BSD/usr/src/usr.lib/lib2648/rdchar.c HTTP/1.1" 200 781 "-" "Googlebot/2.1 (+http://www.google.com/bot.html)"
100.43.83.155 - - [21/Jan/2012:04:00:00 -0600] "GET /pub/tuhs.org/PDP-11/Trees/2.11BSD/usr/src/usr.lib/lib2648/rdchar.c HTTP/1.1" 200 781 "-" "Googlebot/2.1 (+http://www.google.com/bot.html)"
100.43.83.155 - - [21/Jan/2012:05:00:00 -0600] "GET /pub/tuhs.org/PDP-11/Trees/2.11BSD/usr/src/usr.lib/lib2648/rdchar.c HTTP/1.1" 200 781 "-" "Googlebot/2.1 (+http://www.google.com/bot.html)"
100.43.83.155 - - [21/Jan/2012:06:00:00 -0600] "GET /pub/tuhs.org/PDP-11/Trees/2.11BSD/usr/src/usr.lib/lib2648/rdchar.c HTTP/1.1" 200 781 "-" "Googlebot/2.1 (+http://www.google.com/bot.html)"
100.43.83.155 - - [21/Jan/2012:07:00:00 -0600] "GET /pub/tuhs.org/PDP-11/Trees/2.11BSD/usr/src/usr.lib/lib2648/rdchar.c HTTP/1.1" 200 781 "-" "Googlebot/2.1 (+http://www.google.com/bot.html)"
100.43.83.155 - - [21/Jan/2012:08:00:00 -0600] "GET /pub/tuhs.org/PDP-11/Trees/2.11BSD/usr/src/usr.lib/lib2648/rdchar.c HTTP/1.1" 200 781 "-" "Googlebot/2.1 (+http://www.google.com/bot.html)"
100.43.83.155 - - [21/Jan/2012:09:00:00 -0600] "GET /pub/tuhs.org/PDP-11/Trees/2.11BSD/usr/src/usr.lib/lib2648/rdchar.c HTTP/1.1" 200 781 "-" "Googlebot/2.1 (+http://www.google.com/bot.html)"
100.43.83.155 - - [21/Jan/2012:10:00:00 -0600] "GET /pub/tuhs.org/PDP-11/Trees/2.11BSD/usr/src/usr.lib/lib2648/rdchar.c HTTP/1.1" 200 781 "-" "Googlebot/2.1 (+http://www.google.com/bot.html)"
100.43.83.155 - - [21/Jan/2012:11:00:00 -0600] "GET /pub/tuhs.org/PDP-11/Trees/2.11BSD/usr/src/usr.lib/lib2648/rdchar.c HTTP/1.1" 200 781 "-" "Googlebot/2.1 (+http://www.google.com/bot.html)"
100.43.83.155 - - [21/Jan/2012:12:00:00 -0600] "GET /pub/tuhs.org/PDP-11/Trees/2.11BSD/usr/src/usr.lib/lib2648/rdchar.c HTTP/1.1" 200 781 "-" "Googlebot/2.1 (+http://www.google.com/bot.html)"
100.43.83.155 - - [21/Jan/2012:13:00:00 -0600] "GET /pub/tuhs.org/PDP-11/Trees/2.11BSD/usr/src/usr.lib/lib2648/rdchar.c HTTP/1.1" 200 781 "-" "Googlebot/2.1 (+http://www.google.com/bot.html)"
100.43.83.155 - - [21/Jan/2012:14:00:00 -0600] "GET /pub/tuhs.org/PDP-11/Trees/2.11BSD/usr/src/usr.lib/lib2648/rdchar.c HTTP/1.1" 200 781 "-" "Googlebot/2.1 (+http://www.google.com/bot.html)"
100.43.83.155 - - [21/Jan/2012:15:00:00 -0600] "GET /pub/tuhs.org/PDP-11/Trees/2.11BSD/usr/src/usr.lib/lib2648/rdchar.c HTTP/1.1" 200 781 "-" "Googlebot/2.1 (+http://www.google.com/bot.html)"
100.43.83.155 - - [21/Jan/2012:16:00:00 -0600] "GET /pub/tuhs.org/PDP-11/Trees/2.11BSD/usr/src/usr.lib/lib2648/rdchar.c HTTP/1.1" 200 781 "-" "Googlebot/2.1 (+http://www.google.com/bot.html)"
100.43.83.155 - - [21/Jan/2012:17:00:00 -0600] "GET /pub/tuhs.org/PDP-11/Trees/2.11BSD/usr/src/usr.lib/lib2648/rdchar.c HTTP/1.1" 200 781 "-" "Googlebot/2.1 (+http://www.google.com/bot.html)"
100.43.83.155 - - [21/Jan/2012:18:00:00 -0600] "GET /pub/tuhs.org/PDP-11/Trees/2.11BSD/usr/src/usr.lib/lib2648/rdchar.c HTTP/1.1" 200 781 "-" "Googlebot/2.1 (+http://www.google.com/bot.html)"
100.43.83.155 - - [21/Jan/2012:19:00:00 -0600] "GET /pub/tuhs.org/PDP-11/Trees/2.11BSD/usr/src/usr.lib/lib2648/rdchar.c HTTP/1.1" 200 781 "-" "Googlebot/2.1 (+http://www.google.com/bot.html)"
100.43.83.155 - - [21/Jan/2012:20:00:00 -0600] "GET /pub/tuhs.org/PDP-11/Trees/2.11BSD/usr/src/usr.lib/lib2648/rdchar.c HTTP/1.1" 200 781 "-" "Googlebot/2.1 (+http://www.google.com/bot.html)"
100.43.83.155 - - [21/Jan/2012:21:00:00 -0600] "GET /pub/tuhs.org/PDP-11/Trees/2.11BSD/usr/src/usr.lib/lib2648/rdchar.c HTTP/1.1" 200 781 "-" "Googlebot/2.1 (+http://www.google.com/bot.html)"
100.43.83.155 - - [21/Jan/2012:22:00:00 -0600] "GET /pub/tuhs.org/PDP-11/Trees/2.11BSD/usr/src/usr.lib/lib2648/rdchar.c HTTP/1.1" 200 781 "-" "Googlebot/2.1 (+http://www.google.com/bot.html)"
100.43.83.155 - - [21/Jan/2012:23:00:00 -0600] "GET /pub/tuhs.org/PDP-11/Trees/2.11BSD/usr/src/usr.lib/lib2648/rdchar.c HTTP/1.1" 200 781 "-" "Googlebot/2.1 (+http://www.google.com/bot.html)"
100.43.83.155 - - [22/Jan/2012:00:00:00 -0600] "GET /pub/tuhs.org/PDP-11/Trees/2.11BSD/usr/src/usr.lib/lib2648/rdchar.c HTTP/1.1" 200 781 "-" "Googlebot/2.1 (+http://www.google.com/bot.html)"
107.20.105.156 - - [22/Jan/2012:00:01:22 -0600] "GET /phone HTTP/1.1" 200 17681 "-" "Mozilla/5.0 (iPhone; CPU iPhone OS 5_0_1 like Mac OS X) AppleWebKit/534.46 (KHTML, like Gecko) Version/5.1 Mobile/9A405 Safari/7534.48.3"
108.178.58.134 - - [22/Jan/2012:00:01:22 -0600] "GET /mobile HTTP/1.1" 200 17681 "-" "Opera/9.80 (J2ME/MIDP; Opera Mini/4.3.24214/28.2555; U; en) Presto/2.8.119 Version/11.10"
108.61.95.199 - - [22/Jan/2012:00:01:22 -0600] "GET /tablet HTTP/1.1" 200 17681 "-" "Mozilla/5.0 (iPad; CPU OS 6_1_2 like Mac OS X) AppleWebKit/536.26 (KHTML, like Gecko) Version/6.0 Mobile/10B147 Safari/8536.25"
109.206.179.190 - - [22/Jan/2012:00:01:22 -0600] "GET /browser HTTP/1.1" 200 17681 "-" "Mozilla/4.0 (compatible; MSIE 7.0; Windows NT 5.1; bgft)"
113.212.70.155 - - [22/Jan/2012:00:01:22 -0600] "GET /desktop HTTP/1.1" 200 17681 "-" "Mozilla/5.0 (Windows; U; Windows NT 6.1; en-US; rv:0.9.4.1) Gecko/20020508 Netscape6/6.2.3"
118.210.119.98 - - [22/Jan/2012:00:01:22 -0600] "GET /download HTTP/1.1" 200 17681 "-" "Wget/1.x+cvs-stable (Red Hat modified)"
119.63.193.131 - - [22/Jan/2012:00:01:22 -0600] "GET /checker HTTP/1.1" 200 17681 "-" "Jigsaw/2.2.x W3C_CSS_Validator_JFouffa/2.0"
119.63.193.132 - - [22/Jan/2012:00:01:22 -0600] "GET /bot HTTP/1.1" 200 17681 "-" "Googlebot/2.1 (+http://www.google.com/bot.html)"
119.63.193.194 - - [22/Jan/2012:00:01:22 -0600] "GET /unwanted HTTP/1.1" 200 17681 "-" "ZmEu"
119.63.193.195 - - [22/Jan/2012:00:01:22 -0600] "GET /unclassified HTTP/1.1" 200 17681 "-" "LotusDiscovery/x.0 (compatible; Mozilla 4.0; MSIE 4.01; Windows NT)"
119.63.193.196 - - [22/Jan/2012:00:01:22 -0600] "GET /none HTTP/1.1" 200 17681 "-" "-"
122.162.24.97 - - [22/Jan/2012:00:01:22 -0600] "GET /proxy HTTP/1.1" 200 17681 "-" "MIIxpc/4.2"
150.70.172.103 - - [22/Jan/2012:00:01:22 -0600] "GET /unknown HTTP/1.1" 200 17681 "-" "WTF/1.0 (compatible; test user-agent)"
100.43.83.155 - - [22/Jan/2012:01:00:00 -0600] "GET /pub/tuhs.org/PDP-11/Trees/2.11BSD/usr/src/usr.lib/lib2648/rdchar.c HTTP/1.1" 200 781 "-" "Googlebot/2.1 (+http://www.google.com/bot.html)"
100.43.83.155 - - [22/Jan/2012:02:00:00 -0600] "GET /pub/tuhs.org/PDP-11/Trees/2.11BSD/usr/src/usr.lib/lib2648/rdchar.c HTTP/1.1" 200 781 "-" "Googlebot/2.1 (+http://www.google.com/bot.html)"
100.43.83.155 - - [22/Jan/2012:03:00:00 -0600] "GET /pub/tuhs.org/PDP-11/Trees/2.11BSD/usr/src/usr.lib/lib2648/rdchar.c HTTP/1.1" 200 781 "-" "Googlebot/2.1 (+http://www.google.com/bot.html)"
100.43.83.155 - - [22/Jan/2012:04:00:00 -0600] "GET /pub/tuhs.org/PDP-11/Trees/2.11BSD/usr/src/usr.lib/lib2648/rdchar.c HTTP/1.1" 200 781 "-" "Googlebot/2.1 (+http://www.google.com/bot.html)"
100.43.83.155 - - [22/Jan/2012:05:00:00 -0600] "GET /pub/tuhs.org/PDP-11/Trees/2.11BSD/usr/src/usr.lib/lib2648/rdchar.c HTTP/1.1" 200 781 "-" "Googlebot/2.1 (+http://www.google.com/bot.html)"
100.43.83.155 - - [22/Jan/2012:06:00:00 -0600] "GET /pub/tuhs.org/PDP-11/Trees/2.11BSD/usr/src/usr.lib/lib2648/rdchar.c HTTP/1.1" 200 781 "-" "Googlebot/2.1 (+http://www.google.com/bot.html)"
100.43.83.155 - - [22/Jan/2012:07:00:00 -0600] "GET /pub/tuhs.org/PDP-11/Trees/2.11BSD/usr/src/usr.lib/lib2648/rdchar.c HTTP/1.1" 200 781 "-" "Googlebot/2.1 (+http://www.google.com/bot.html)"
100.43.83.155 - - [22/Jan/2012:08:00:00 -0600] "GET /pub/tuhs.org/PDP-11/Trees/2.11BSD/usr/src/usr.lib/lib2648/rdchar.c HTTP/1.1" 200 781 "-" "Googlebot/2.1 (+http://www.google.com/bot.html)"
100.43.83.155 - - [22/Jan/2012:09:00:00 -0600] "GET /pub/tuhs.org/PDP-11/Trees/2.11BSD/usr/src/usr.lib/lib2648/rdchar.c HTTP/1.1" 200 781 "-" "Googlebot/2.1 (+http://www.google.com/bot.html)"
100.43.83.155 - - [22/Jan/2012:10:00:00 -0600] "GET /pub/tuhs.org/PDP-11/Trees/2.11BSD/usr/src/usr.lib/lib2648/rdchar.c HTTP/1.1" 200 781 "-" "Googlebot/2.1 (+http://www.google.com/bot.html)"
100.43.83.155 - - [22/Jan/2012:11:00:00 -0600] "GET /pub/tuhs.org/PDP-11/Trees/2.11BSD/usr/src/usr.lib/lib2648/rdchar.c HTTP/1.1" 200 781 "-" "Googlebot/2.1 (+http://www.google.com/bot.html)"
100.43.83.155 - - [22/Jan/2012:12:00:00 -0600] "GET /pub/tuhs.org/PDP-11/Trees/2.11BSD/usr/src/usr.lib/lib2648/rdchar.c HTTP/1.1" 200 781 "-" "Googlebot/2.1 (+http://www.google.com/bot.html)"
100.43.83.155 - - [22/Jan/2012:13:00:00 -0600] "GET /pub/tuhs.org/PDP-11/Trees/2.11BSD/usr/src/usr.lib/lib2648/rdchar.c HTTP/1.1" 200 781 "-" "Googlebot/2.1 (+http://www.google.com/bot.html)"
100.43.83.155 - - [22/Jan/2012:14:00:00 -0600] "GET /pub/tuhs.org/PDP-11/Trees/2.11BSD/usr/src/usr.lib/lib2648/rdchar.c HTTP/1.1" 200 781 "-" "Googlebot/2.1 (+http://www.google.com/bot.html)"
100.43.83.155 - - [22/Jan/2012:15:00:00 -0600] "GET /pub/tuhs.org/PDP-11/Trees/2.11BSD/usr/src/usr.lib/lib2648/rdchar.c HTTP/1.1" 200 781 "-" "Googlebot/2.1 (+http://www.google.com/bot.html)"
100.43.83.155 - - [22/Jan/2012:16:00:00 -0600] "GET /pub/tuhs.org/PDP-11/Trees/2.11BSD/usr/src/usr.lib/lib2648/rdchar.c HTTP/1.1" 200 781 "-" "Googlebot/2.1 (+http://www.google.com/bot.html)"
100.43.83.155 - - [22/Jan/2012:17:00:00 -0600] "GET /pub/tuhs.org/PDP-11/Trees/2.11BSD/usr/src/usr.lib/lib2648/rdchar.c HTTP/1.1" 200 781 "-" "Googlebot/2.1 (+http://www.google.com/bot.html)"
100.43.83.155 - - [22/Jan/2012:18:00:00 -0600] "GET /pub/tuhs.org/PDP-11/Trees/2.11BSD/usr/src/usr.lib/lib2648/rdchar.c HTTP/1.1" 200 781 "-" "Googlebot/2.1 (+http://www.google.com/bot.html)"
100.43.83.155 - - [22/Jan/2012:19:00:00 -0600] "GET /pub/tuhs.org/PDP-11/Trees/2.11BSD/usr/src/usr.lib/lib2648/rdchar.c HTTP/1.1" 200 781 "-" "Googlebot/2.1 (+http://www.google.com/bot.html)"
100.43.83.155 - - [22/Jan/2012:20:00:00 -0600] "GET /pub/tuhs.org/PDP-11/Trees/2.11BSD/usr/src/usr.lib/lib2648/rdchar.c HTTP/1.1" 200 781 "-" "Googlebot/2.1 (+http://www.google.com/bot.html)"
100.43.83.155 - - [22/Jan/2012:21:00:00 -0600] "GET /pub/tuhs.org/PDP-11/Trees/2.11BSD/usr/src/usr.lib/lib2648/rdchar.c HTTP/1.1" 200 781 "-" "Googlebot/2.1 (+http://www.google.com/bot.html)"
100.43.83.155 - - [22/Jan/2012:22:00:00 -0600] "GET /pub/tuhs.org/PDP-11/Trees/2.11BSD/usr/src/usr.lib/lib2648/rdchar.c HTTP/1.1" 200 781 "-" "Googlebot/2.1 (+http://www.google.com/bot.html)"
100.43.83.155 - - [22/Jan/2012:23:00:00 -0600] "GET /pub/tuhs.org/PDP-11/Trees/2.11BSD/usr/src/usr.lib/lib2648/rdchar.c HTTP/1.1" 200 781 "-" "Googlebot/2.1 (+http://www.google.com/bot.html)"
100.43.83.155 - - [23/Jan/2012:00:00:00 -0600] "GET /pub/tuhs.org/PDP-11/Trees/2.11BSD/usr/src/usr.lib/lib2648/rdchar.c HTTP/1.1" 200 781 "-" "Googlebot/2.1 (+http://www.google.com/bot.html)"
107.20.105.156 - - [23/Jan/2012:00:01:23 -0600] "GET /phone HTTP/1.1" 200 17681 "-" "Mozilla/5.0 (iPhone; CPU iPhone OS 5_0_1 like Mac OS X) AppleWebKit/534.46 (KHTML, like Gecko) Version/5.1 Mobile/9A405 Safari/7534.48.3"
108.178.58.134 - - [23/Jan/2012:00:01:23 -0600] "GET /mobile HTTP/1.1" 200 17681 "-" "Opera/9.80 (J2ME/MIDP; Opera Mini/4.3.24214/28.2555; U; en) Presto/2.8.119 Version/11.10"
108.61.95.199 - - [23/Jan/2012:00:01:23 -0600] "GET /tablet HTTP/1.1" 200 17681 "-" "Mozilla/5.0 (iPad; CPU OS 6_1_2 like Mac OS X) AppleWebKit/536.26 (KHTML, like Gecko) Version/6.0 Mobile/10B147 Safari/8536.25"
109.206.179.190 - - [23/Jan/2012:00:01:23 -0600] "GET /browser HTTP/1.1" 200 17681 "-" "Mozilla/4.0 (compatible; MSIE 7.0; Windows NT 5.1; bgft)"
113.212.70.155 - - [23/Jan/2012:00:01:23 -0600] "GET /desktop HTTP/1.1" 200 17681 "-" "Mozilla/5.0 (Windows; U; Windows NT 6.1; en-US; rv:0.9.4.1) Gecko/20020508 Netscape6/6.2.3"
118.210.119.98 - - [23/Jan/2012:00:01:23 -0600] "GET /download HTTP/1.1" 200 17681 "-" "Wget/1.x+cvs-stable (Red Hat modified)"
119.63.193.131 - - [23/Jan/2012:00:01:23 -0600] "GET /checker HTTP/1.1" 200 17681 "-" "Jigsaw/2.2.x W3C_CSS_Validator_JFouffa/2.0"
119.63.193.132 - - [23/Jan/2012:00:01:23 -0600] "GET /bot HTTP/1.1" 200 17681 "-" "Googlebot/2.1 (+http://www.google.com/bot.html)"
119.63.193.194 - - [23/Jan/2012:00:01:23 -0600] "GET /unwanted HTTP/1.1" 200 17681 "-" "ZmEu"
119.63.193.195 - - [23/Jan/2012:00:01:23 -0600] "GET /unclassified HTTP/1.1" 200 17681 "-" "LotusDiscovery/x.0 (compatible; Mozilla 4.0; MSIE 4.01; Windows NT)"
119.63.193.196 - - [23/Jan/2012:00:01:23 -0600] "GET /none HTTP/1.1" 200 17681 "-" "-"
122.162.24.97 - - [23/Jan/2012:00:01:23 -0600] "GET /proxy HTTP/1.1" 200 17681 "-" "MIIxpc/4.2"
150.70.172.103 - - [23/Jan/2012:00:01:23 -0600] "GET /unknown HTTP/1.1" 200 17681 "-" "WTF/1.0 (compatible; test user-agent)"
100.43.83.155 - - [23/Jan/2012:01:00:00 -0600] "GET /pub/tuhs.org/PDP-11/Trees/2.11BSD/usr/src/usr.lib/lib2648/rdchar.c HTTP/1.1" 200 781 "-" "Googlebot/2.1 (+http://www.google.com/bot.html)"
100.43.83.155 - - [23/Jan/2012:02:00:00 -0600] "GET /pub/tuhs.org/PDP-11/Trees/2.11BSD/usr/src/usr.lib/lib2648/rdchar.c HTTP/1.1" 200 781 "-" "Googlebot/2.1 (+http://www.google.com/bot.html)"
100.43.83.155 - - [23/Jan/2012:03:00:00 -0600] "GET /pub/tuhs.org/PDP-11/Trees/2.11BSD/usr/src/usr.lib/lib2648/rdchar.c HTTP/1.1" 200 781 "-" "Googlebot/2.1 (+http://www.google.com/bot.html)"
100.43.83.155 - - [23/Jan/2012:04:00:00 -0600] "GET /pub/tuhs.org/PDP-11/Trees/2.11BSD/usr/src/usr.lib/lib2648/rdchar.c HTTP/1.1" 200 781 "-" "Googlebot/2.1 (+http://www.google.com/bot.html)"
100.43.83.155 - - [23/Jan/2012:05:00:00 -0600] "GET /pub/tuhs.org/PDP-11/Trees/2.11BSD/usr/src/usr.lib/lib2648/rdchar.c HTTP/1.1" 200 781 "-" "Googlebot/2.1 (+http://www.google.com/bot.html)"
100.43.83.155 - - [23/Jan/2012:06:00:00 -0600] "GET /pub/tuhs.org/PDP-11/Trees/2.11BSD/usr/src/usr.lib/lib2648/rdchar.c HTTP/1.1" 200 781 "-" "Googlebot/2.1 (+http://www.google.com/bot.html)"
100.43.83.155 - - [23/Jan/2012:07:00:00 -0600] "GET /pub/tuhs.org/PDP-11/Trees/2.11BSD/usr/src/usr.lib/lib2648/rdchar.c HTTP/1.1" 200 781 "-" "Googlebot/2.1 (+http://www.google.com/bot.html)"
100.43.83.155 - - [23/Jan/2012:08:00:00 -0600] "GET /pub/tuhs.org/PDP-11/Trees/2.11BSD/usr/src/usr.lib/lib2648/rdchar.c HTTP/1.1" 200 781 "-" "Googlebot/2.1 (+http://www.google.com/bot.html)"
100.43.83.155 - - [23/Jan/2012:09:00:00 -0600] "GET /pub/tuhs.org/PDP-11/Trees/2.11BSD/usr/src/usr.lib/lib2648/rdchar.c HTTP/1.1" 200 781 "-" "Googlebot/2.1 (+http://www.google.com/bot.html)"
100.43.83.155 - - [23/Jan/2012:10:00:00 -0600] "GET /pub/tuhs.org/PDP-11/Trees/2.11BSD/usr/src/usr.lib/lib2648/rdchar.c HTTP/1.1" 200 781 "-" "Googlebot/2.1 (+http://www.google.com/bot.html)"
100.43.83.155 - - [23/Jan/2012:11:00:00 -0600] "GET /pub/tuhs.org/PDP-11/Trees/2.11BSD/usr/src/usr.lib/lib2648/rdchar.c HTTP/1.1" 200 781 "-" "Googlebot/2.1 (+http://www.google.com/bot.html)"
100.43.83.155 - - [23/Jan/2012:12:00:00 -0600] "GET /pub/tuhs.org/PDP-11/Trees/2.11BSD/usr/src/usr.lib/lib2648/rdchar.c HTTP/1.1" 200 781 "-" "Googlebot/2.1 (+http://www.google.com/bot.html)"
100.43.83.155 - - [23/Jan/2012:13:00:00 -0600] "GET /pub/tuhs.org/PDP-11/Trees/2.11BSD/usr/src/usr.lib/lib2648/rdchar.c HTTP/1.1" 200 781 "-" "Googlebot/2.1 (+http://www.google.com/bot.html)"
100.43.83.155 - - [23/Jan/2012:14:00:00 -0600] "GET /pub/tuhs.org/PDP-11/Trees/2.11BSD/usr/src/usr.lib/lib2648/rdchar.c HTTP/1.1" 200 781 "-" "Googlebot/2.1 (+http://www.google.com/bot.html)"
100.43.83.155 - - [23/Jan/2012:15:00:00 -0600] "GET /pub/tuhs.org/PDP-11/Trees/2.11BSD/usr/src/usr.lib/lib2648/rdchar.c HTTP/1.1" 200 781 "-" "Googlebot/2.1 (+http://www.google.com/bot.html)"
100.43.83.155 - - [23/Jan/2012:16:00:00 -0600] "GET /pub/tuhs.org/PDP-11/Trees/2.11BSD/usr/src/usr.lib/lib2648/rdchar.c HTTP/1.1" 200 781 "-" "Googlebot/2.1 (+http://www.google.com/bot.html)"
100.43.83.155 - - [23/Jan/2012:17:00:00 -0600] "GET /pub/tuhs.org/PDP-11/Trees/2.11BSD/usr/src/usr.lib/lib2648/rdchar.c HTTP/1.1" 200 781 "-" "Googlebot/2.1 (+http://www.google.com/bot.html)"
100.43.83.155 - - [23/Jan/2012:18:00:00 -0600] "GET /pub/tuhs.org/PDP-11/Trees/2.11BSD/usr/src/usr.lib/lib2648/rdchar.c HTTP/1.1" 200 781 "-" "Googlebot/2.1 (+http://www.google.com/bot.html)"
100.43.83.155 - - [23/Jan/2012:19:00:00 -0600] "GET /pub/tuhs.org/PDP-11/Trees/2.11BSD/usr/src/usr.lib/lib2648/rdchar.c HTTP/1.1" 200 781 "-" "Googlebot/2.1 (+http://www.google.com/bot.html)"
100.43.83.155 - - [23/Jan/2012:20:00:00 -0600] "GET /pub/tuhs.org/PDP-11/Trees/2.11BSD/usr/src/usr.lib/lib2648/rdchar.c HTTP/1.1" 200 781 "-" "Googlebot/2.1 (+http://www.google.com/bot.html)"
100.43.83.155 - - [23/Jan/2012:21:00:00 -0600] "GET /pub/tuhs.org/PDP-11/Trees/2.11BSD/usr/src/usr.lib/lib2648/rdchar.c HTTP/1.1" 200 781 "-" "Googlebot/2.1 (+http://www.google.com/bot.html)"
100.43.83.155 - - [23/Jan/2012:22:00:00 -0600] "GET /pub/tuhs.org/PDP-11/Trees/2.11BSD/usr/src/usr.lib/lib2648/rdchar.c HTTP/1.1" 200 781 "-" "Googlebot/2.1 (+http://www.google.com/bot.html)"
100.43.83.155 - - [23/Jan/2012:23:00:00 -0600] "GET /pub/tuhs.org/PDP-11/Trees/2.11BSD/usr/src/usr.lib/lib2648/rdchar.c HTTP/1.1" 200 781 "-" "Googlebot/2.1 (+http://www.google.com/bot.html)"
100.43.83.155 - - [24/Jan/2012:00:00:00 -0600] "GET /pub/tuhs.org/PDP-11/Trees/2.11BSD/usr/src/usr.lib/lib2648/rdchar.c HTTP/1.1" 200 781 "-" "Googlebot/2.1 (+http://www.google.com/bot.html)"
